<?xml version="1.0" encoding="UTF-8"?>
<testsuites>
  <testsuite name="C:\development\Github\php-libs\php-openapi-generator\phpunit.xml.dist" tests="174" assertions="531" errors="0" failures="0" skipped="0" time="9.355208">
    <testsuite name="unit" tests="174" assertions="531" errors="0" failures="0" skipped="0" time="9.355208">
      <testsuite name="MaxBeckers\OpenApiGenerator\Tests\Integration\ApiGenerationTest" file="C:\development\Github\php-libs\php-openapi-generator\tests\Integration\ApiGenerationTest.php" tests="55" assertions="206" errors="0" failures="0" skipped="0" time="4.424207">
        <testcase name="testServerInterfaceIsGenerated" file="C:\development\Github\php-libs\php-openapi-generator\tests\Integration\ApiGenerationTest.php" line="55" class="MaxBeckers\OpenApiGenerator\Tests\Integration\ApiGenerationTest" classname="MaxBeckers.OpenApiGenerator.Tests.Integration.ApiGenerationTest" assertions="2" time="0.139519"/>
        <testcase name="testServerInterfaceDeclaresOperationMethods" file="C:\development\Github\php-libs\php-openapi-generator\tests\Integration\ApiGenerationTest.php" line="64" class="MaxBeckers\OpenApiGenerator\Tests\Integration\ApiGenerationTest" classname="MaxBeckers.OpenApiGenerator.Tests.Integration.ApiGenerationTest" assertions="4" time="0.030972"/>
        <testcase name="testServerInterfaceMethodHasRequestBodyParam" file="C:\development\Github\php-libs\php-openapi-generator\tests\Integration\ApiGenerationTest.php" line="75" class="MaxBeckers\OpenApiGenerator\Tests\Integration\ApiGenerationTest" classname="MaxBeckers.OpenApiGenerator.Tests.Integration.ApiGenerationTest" assertions="4" time="0.028880"/>
        <testcase name="testServerInterfaceMethodReturnType" file="C:\development\Github\php-libs\php-openapi-generator\tests\Integration\ApiGenerationTest.php" line="87" class="MaxBeckers\OpenApiGenerator\Tests\Integration\ApiGenerationTest" classname="MaxBeckers.OpenApiGenerator.Tests.Integration.ApiGenerationTest" assertions="3" time="0.025479"/>
        <testcase name="testServerInterfaceArrayReturnType" file="C:\development\Github\php-libs\php-openapi-generator\tests\Integration\ApiGenerationTest.php" line="98" class="MaxBeckers\OpenApiGenerator\Tests\Integration\ApiGenerationTest" classname="MaxBeckers.OpenApiGenerator.Tests.Integration.ApiGenerationTest" assertions="3" time="0.028504"/>
        <testcase name="testServerInterfaceFilesAreValidPhp" file="C:\development\Github\php-libs\php-openapi-generator\tests\Integration\ApiGenerationTest.php" line="109" class="MaxBeckers\OpenApiGenerator\Tests\Integration\ApiGenerationTest" classname="MaxBeckers.OpenApiGenerator.Tests.Integration.ApiGenerationTest" assertions="2" time="0.336630"/>
        <testcase name="testSymfonyControllerIsGenerated" file="C:\development\Github\php-libs\php-openapi-generator\tests\Integration\ApiGenerationTest.php" line="125" class="MaxBeckers\OpenApiGenerator\Tests\Integration\ApiGenerationTest" classname="MaxBeckers.OpenApiGenerator.Tests.Integration.ApiGenerationTest" assertions="1" time="0.027063"/>
        <testcase name="testSymfonyControllerExtendsInterface" file="C:\development\Github\php-libs\php-openapi-generator\tests\Integration\ApiGenerationTest.php" line="133" class="MaxBeckers\OpenApiGenerator\Tests\Integration\ApiGenerationTest" classname="MaxBeckers.OpenApiGenerator.Tests.Integration.ApiGenerationTest" assertions="3" time="0.027501"/>
        <testcase name="testSymfonyControllerHasRouteAttribute" file="C:\development\Github\php-libs\php-openapi-generator\tests\Integration\ApiGenerationTest.php" line="143" class="MaxBeckers\OpenApiGenerator\Tests\Integration\ApiGenerationTest" classname="MaxBeckers.OpenApiGenerator.Tests.Integration.ApiGenerationTest" assertions="4" time="0.027201"/>
        <testcase name="testSymfonyControllerUsesJsonResponse" file="C:\development\Github\php-libs\php-openapi-generator\tests\Integration\ApiGenerationTest.php" line="154" class="MaxBeckers\OpenApiGenerator\Tests\Integration\ApiGenerationTest" classname="MaxBeckers.OpenApiGenerator.Tests.Integration.ApiGenerationTest" assertions="4" time="0.063901"/>
        <testcase name="testSymfonyControllerUsesSuccessCodeFromSpec" file="C:\development\Github\php-libs\php-openapi-generator\tests\Integration\ApiGenerationTest.php" line="165" class="MaxBeckers\OpenApiGenerator\Tests\Integration\ApiGenerationTest" classname="MaxBeckers.OpenApiGenerator.Tests.Integration.ApiGenerationTest" assertions="4" time="0.028712"/>
        <testcase name="testSymfonyControllerDeserializesRequestBody" file="C:\development\Github\php-libs\php-openapi-generator\tests\Integration\ApiGenerationTest.php" line="177" class="MaxBeckers\OpenApiGenerator\Tests\Integration\ApiGenerationTest" classname="MaxBeckers.OpenApiGenerator.Tests.Integration.ApiGenerationTest" assertions="4" time="0.028513"/>
        <testcase name="testSymfonyControllerFilesAreValidPhp" file="C:\development\Github\php-libs\php-openapi-generator\tests\Integration\ApiGenerationTest.php" line="189" class="MaxBeckers\OpenApiGenerator\Tests\Integration\ApiGenerationTest" classname="MaxBeckers.OpenApiGenerator.Tests.Integration.ApiGenerationTest" assertions="2" time="0.350752"/>
        <testcase name="testSymfonyControllerHasDefaultDomainMethodStub" file="C:\development\Github\php-libs\php-openapi-generator\tests\Integration\ApiGenerationTest.php" line="201" class="MaxBeckers\OpenApiGenerator\Tests\Integration\ApiGenerationTest" classname="MaxBeckers.OpenApiGenerator.Tests.Integration.ApiGenerationTest" assertions="4" time="0.033958"/>
        <testcase name="testSymfonyControllerVoidActionDoesNotAssignResult" file="C:\development\Github\php-libs\php-openapi-generator\tests\Integration\ApiGenerationTest.php" line="214" class="MaxBeckers\OpenApiGenerator\Tests\Integration\ApiGenerationTest" classname="MaxBeckers.OpenApiGenerator.Tests.Integration.ApiGenerationTest" assertions="6" time="0.018931"/>
        <testcase name="testSymfonyControllerValidatesNativeRequestBodyWhenEnabled" file="C:\development\Github\php-libs\php-openapi-generator\tests\Integration\ApiGenerationTest.php" line="228" class="MaxBeckers\OpenApiGenerator\Tests\Integration\ApiGenerationTest" classname="MaxBeckers.OpenApiGenerator.Tests.Integration.ApiGenerationTest" assertions="6" time="0.041370"/>
        <testcase name="testSymfonyControllerValidatesNativeResponseWhenEnabled" file="C:\development\Github\php-libs\php-openapi-generator\tests\Integration\ApiGenerationTest.php" line="243" class="MaxBeckers\OpenApiGenerator\Tests\Integration\ApiGenerationTest" classname="MaxBeckers.OpenApiGenerator.Tests.Integration.ApiGenerationTest" assertions="3" time="0.027931"/>
        <testcase name="testSymfonyControllerValidatesSymfonyRequestBodyWhenEnabled" file="C:\development\Github\php-libs\php-openapi-generator\tests\Integration\ApiGenerationTest.php" line="255" class="MaxBeckers\OpenApiGenerator\Tests\Integration\ApiGenerationTest" classname="MaxBeckers.OpenApiGenerator.Tests.Integration.ApiGenerationTest" assertions="13" time="0.046552"/>
        <testcase name="testSymfonyControllerValidatesSymfonyResponseWhenEnabled" file="C:\development\Github\php-libs\php-openapi-generator\tests\Integration\ApiGenerationTest.php" line="277" class="MaxBeckers\OpenApiGenerator\Tests\Integration\ApiGenerationTest" classname="MaxBeckers.OpenApiGenerator.Tests.Integration.ApiGenerationTest" assertions="3" time="0.029519"/>
        <testcase name="testLaravelControllerIsGenerated" file="C:\development\Github\php-libs\php-openapi-generator\tests\Integration\ApiGenerationTest.php" line="293" class="MaxBeckers\OpenApiGenerator\Tests\Integration\ApiGenerationTest" classname="MaxBeckers.OpenApiGenerator.Tests.Integration.ApiGenerationTest" assertions="2" time="0.032310"/>
        <testcase name="testLaravelRouteHelperRegistersOperations" file="C:\development\Github\php-libs\php-openapi-generator\tests\Integration\ApiGenerationTest.php" line="302" class="MaxBeckers\OpenApiGenerator\Tests\Integration\ApiGenerationTest" classname="MaxBeckers.OpenApiGenerator.Tests.Integration.ApiGenerationTest" assertions="6" time="0.034429"/>
        <testcase name="testLaravelRouteHelperSupportsGroupedRoutes" file="C:\development\Github\php-libs\php-openapi-generator\tests\Integration\ApiGenerationTest.php" line="315" class="MaxBeckers\OpenApiGenerator\Tests\Integration\ApiGenerationTest" classname="MaxBeckers.OpenApiGenerator.Tests.Integration.ApiGenerationTest" assertions="5" time="0.079024"/>
        <testcase name="testLaravelControllerUsesIlluminateRequest" file="C:\development\Github\php-libs\php-openapi-generator\tests\Integration\ApiGenerationTest.php" line="328" class="MaxBeckers\OpenApiGenerator\Tests\Integration\ApiGenerationTest" classname="MaxBeckers.OpenApiGenerator.Tests.Integration.ApiGenerationTest" assertions="3" time="0.037669"/>
        <testcase name="testLaravelControllerReturnsJsonResponse" file="C:\development\Github\php-libs\php-openapi-generator\tests\Integration\ApiGenerationTest.php" line="338" class="MaxBeckers\OpenApiGenerator\Tests\Integration\ApiGenerationTest" classname="MaxBeckers.OpenApiGenerator.Tests.Integration.ApiGenerationTest" assertions="4" time="0.046006"/>
        <testcase name="testLaravelControllerDeserializesRequestBody" file="C:\development\Github\php-libs\php-openapi-generator\tests\Integration\ApiGenerationTest.php" line="349" class="MaxBeckers\OpenApiGenerator\Tests\Integration\ApiGenerationTest" classname="MaxBeckers.OpenApiGenerator.Tests.Integration.ApiGenerationTest" assertions="4" time="0.033003"/>
        <testcase name="testLaravelControllerFileIsValidPhp" file="C:\development\Github\php-libs\php-openapi-generator\tests\Integration\ApiGenerationTest.php" line="360" class="MaxBeckers\OpenApiGenerator\Tests\Integration\ApiGenerationTest" classname="MaxBeckers.OpenApiGenerator.Tests.Integration.ApiGenerationTest" assertions="2" time="0.357764"/>
        <testcase name="testLaravelControllerVoidActionDoesNotAssignResult" file="C:\development\Github\php-libs\php-openapi-generator\tests\Integration\ApiGenerationTest.php" line="372" class="MaxBeckers\OpenApiGenerator\Tests\Integration\ApiGenerationTest" classname="MaxBeckers.OpenApiGenerator.Tests.Integration.ApiGenerationTest" assertions="6" time="0.023778"/>
        <testcase name="testNoControllerGeneratedWhenFrameworkTargetIsNone" file="C:\development\Github\php-libs\php-openapi-generator\tests\Integration\ApiGenerationTest.php" line="390" class="MaxBeckers\OpenApiGenerator\Tests\Integration\ApiGenerationTest" classname="MaxBeckers.OpenApiGenerator.Tests.Integration.ApiGenerationTest" assertions="3" time="0.031046"/>
        <testcase name="testLaravelRouteHelperIsNotGeneratedForSymfony" file="C:\development\Github\php-libs\php-openapi-generator\tests\Integration\ApiGenerationTest.php" line="400" class="MaxBeckers\OpenApiGenerator\Tests\Integration\ApiGenerationTest" classname="MaxBeckers.OpenApiGenerator.Tests.Integration.ApiGenerationTest" assertions="1" time="0.040275"/>
        <testcase name="testClientInterfaceIsGenerated" file="C:\development\Github\php-libs\php-openapi-generator\tests\Integration\ApiGenerationTest.php" line="412" class="MaxBeckers\OpenApiGenerator\Tests\Integration\ApiGenerationTest" classname="MaxBeckers.OpenApiGenerator.Tests.Integration.ApiGenerationTest" assertions="2" time="0.041787"/>
        <testcase name="testClientInterfaceDeclaresOperationMethods" file="C:\development\Github\php-libs\php-openapi-generator\tests\Integration\ApiGenerationTest.php" line="421" class="MaxBeckers\OpenApiGenerator\Tests\Integration\ApiGenerationTest" classname="MaxBeckers.OpenApiGenerator.Tests.Integration.ApiGenerationTest" assertions="4" time="0.032591"/>
        <testcase name="testClientInterfaceMethodReturnType" file="C:\development\Github\php-libs\php-openapi-generator\tests\Integration\ApiGenerationTest.php" line="432" class="MaxBeckers\OpenApiGenerator\Tests\Integration\ApiGenerationTest" classname="MaxBeckers.OpenApiGenerator.Tests.Integration.ApiGenerationTest" assertions="3" time="0.033286"/>
        <testcase name="testClientInterfaceFilesAreValidPhp" file="C:\development\Github\php-libs\php-openapi-generator\tests\Integration\ApiGenerationTest.php" line="443" class="MaxBeckers\OpenApiGenerator\Tests\Integration\ApiGenerationTest" classname="MaxBeckers.OpenApiGenerator.Tests.Integration.ApiGenerationTest" assertions="2" time="0.403964"/>
        <testcase name="testSymfonyClientIsGenerated" file="C:\development\Github\php-libs\php-openapi-generator\tests\Integration\ApiGenerationTest.php" line="459" class="MaxBeckers\OpenApiGenerator\Tests\Integration\ApiGenerationTest" classname="MaxBeckers.OpenApiGenerator.Tests.Integration.ApiGenerationTest" assertions="1" time="0.029847"/>
        <testcase name="testSymfonyClientImplementsInterface" file="C:\development\Github\php-libs\php-openapi-generator\tests\Integration\ApiGenerationTest.php" line="467" class="MaxBeckers\OpenApiGenerator\Tests\Integration\ApiGenerationTest" classname="MaxBeckers.OpenApiGenerator.Tests.Integration.ApiGenerationTest" assertions="3" time="0.033074"/>
        <testcase name="testSymfonyClientUsesHttpClientInterface" file="C:\development\Github\php-libs\php-openapi-generator\tests\Integration\ApiGenerationTest.php" line="477" class="MaxBeckers\OpenApiGenerator\Tests\Integration\ApiGenerationTest" classname="MaxBeckers.OpenApiGenerator.Tests.Integration.ApiGenerationTest" assertions="4" time="0.029842"/>
        <testcase name="testSymfonyClientPostOperationSendsJson" file="C:\development\Github\php-libs\php-openapi-generator\tests\Integration\ApiGenerationTest.php" line="488" class="MaxBeckers\OpenApiGenerator\Tests\Integration\ApiGenerationTest" classname="MaxBeckers.OpenApiGenerator.Tests.Integration.ApiGenerationTest" assertions="3" time="0.033681"/>
        <testcase name="testSymfonyClientDeserializesResponse" file="C:\development\Github\php-libs\php-openapi-generator\tests\Integration\ApiGenerationTest.php" line="498" class="MaxBeckers\OpenApiGenerator\Tests\Integration\ApiGenerationTest" classname="MaxBeckers.OpenApiGenerator.Tests.Integration.ApiGenerationTest" assertions="3" time="0.026335"/>
        <testcase name="testSymfonyClientArrayResponseUsesArrayMap" file="C:\development\Github\php-libs\php-openapi-generator\tests\Integration\ApiGenerationTest.php" line="508" class="MaxBeckers\OpenApiGenerator\Tests\Integration\ApiGenerationTest" classname="MaxBeckers.OpenApiGenerator.Tests.Integration.ApiGenerationTest" assertions="4" time="0.027478"/>
        <testcase name="testSymfonyClientPathParameterUrlHasNoTrailingEmptyStringConcat" file="C:\development\Github\php-libs\php-openapi-generator\tests\Integration\ApiGenerationTest.php" line="519" class="MaxBeckers\OpenApiGenerator\Tests\Integration\ApiGenerationTest" classname="MaxBeckers.OpenApiGenerator.Tests.Integration.ApiGenerationTest" assertions="4" time="0.018207"/>
        <testcase name="testSymfonyClientFilesAreValidPhp" file="C:\development\Github\php-libs\php-openapi-generator\tests\Integration\ApiGenerationTest.php" line="531" class="MaxBeckers\OpenApiGenerator\Tests\Integration\ApiGenerationTest" classname="MaxBeckers.OpenApiGenerator.Tests.Integration.ApiGenerationTest" assertions="3" time="0.485816"/>
        <testcase name="testSymfonyClientValidatesNativeRequestWhenEnabled" file="C:\development\Github\php-libs\php-openapi-generator\tests\Integration\ApiGenerationTest.php" line="543" class="MaxBeckers\OpenApiGenerator\Tests\Integration\ApiGenerationTest" classname="MaxBeckers.OpenApiGenerator.Tests.Integration.ApiGenerationTest" assertions="4" time="0.097716"/>
        <testcase name="testSymfonyClientValidatesNativeResponseWhenEnabled" file="C:\development\Github\php-libs\php-openapi-generator\tests\Integration\ApiGenerationTest.php" line="556" class="MaxBeckers\OpenApiGenerator\Tests\Integration\ApiGenerationTest" classname="MaxBeckers.OpenApiGenerator.Tests.Integration.ApiGenerationTest" assertions="5" time="0.033348"/>
        <testcase name="testSymfonyClientValidatesSymfonyRequestWhenEnabled" file="C:\development\Github\php-libs\php-openapi-generator\tests\Integration\ApiGenerationTest.php" line="570" class="MaxBeckers\OpenApiGenerator\Tests\Integration\ApiGenerationTest" classname="MaxBeckers.OpenApiGenerator.Tests.Integration.ApiGenerationTest" assertions="11" time="0.032321"/>
        <testcase name="testSymfonyClientValidatesSymfonyResponseWhenEnabled" file="C:\development\Github\php-libs\php-openapi-generator\tests\Integration\ApiGenerationTest.php" line="590" class="MaxBeckers\OpenApiGenerator\Tests\Integration\ApiGenerationTest" classname="MaxBeckers.OpenApiGenerator.Tests.Integration.ApiGenerationTest" assertions="3" time="0.031068"/>
        <testcase name="testGuzzleClientUsesGuzzleInterface" file="C:\development\Github\php-libs\php-openapi-generator\tests\Integration\ApiGenerationTest.php" line="606" class="MaxBeckers\OpenApiGenerator\Tests\Integration\ApiGenerationTest" classname="MaxBeckers.OpenApiGenerator.Tests.Integration.ApiGenerationTest" assertions="4" time="0.033709"/>
        <testcase name="testGuzzleClientPostSendsJson" file="C:\development\Github\php-libs\php-openapi-generator\tests\Integration\ApiGenerationTest.php" line="617" class="MaxBeckers\OpenApiGenerator\Tests\Integration\ApiGenerationTest" classname="MaxBeckers.OpenApiGenerator.Tests.Integration.ApiGenerationTest" assertions="3" time="0.033801"/>
        <testcase name="testGuzzleClientDecodesJsonResponse" file="C:\development\Github\php-libs\php-openapi-generator\tests\Integration\ApiGenerationTest.php" line="627" class="MaxBeckers\OpenApiGenerator\Tests\Integration\ApiGenerationTest" classname="MaxBeckers.OpenApiGenerator.Tests.Integration.ApiGenerationTest" assertions="5" time="0.036970"/>
        <testcase name="testGuzzleClientFilesAreValidPhp" file="C:\development\Github\php-libs\php-openapi-generator\tests\Integration\ApiGenerationTest.php" line="639" class="MaxBeckers\OpenApiGenerator\Tests\Integration\ApiGenerationTest" classname="MaxBeckers.OpenApiGenerator.Tests.Integration.ApiGenerationTest" assertions="2" time="0.339065"/>
        <testcase name="testPsr18ClientUsesPsrInterfaces" file="C:\development\Github\php-libs\php-openapi-generator\tests\Integration\ApiGenerationTest.php" line="655" class="MaxBeckers\OpenApiGenerator\Tests\Integration\ApiGenerationTest" classname="MaxBeckers.OpenApiGenerator.Tests.Integration.ApiGenerationTest" assertions="5" time="0.034399"/>
        <testcase name="testPsr18ClientInjectsRequestAndStreamFactories" file="C:\development\Github\php-libs\php-openapi-generator\tests\Integration\ApiGenerationTest.php" line="667" class="MaxBeckers\OpenApiGenerator\Tests\Integration\ApiGenerationTest" classname="MaxBeckers.OpenApiGenerator.Tests.Integration.ApiGenerationTest" assertions="4" time="0.035610"/>
        <testcase name="testPsr18ClientCreatesRequestViaFactory" file="C:\development\Github\php-libs\php-openapi-generator\tests\Integration\ApiGenerationTest.php" line="678" class="MaxBeckers\OpenApiGenerator\Tests\Integration\ApiGenerationTest" classname="MaxBeckers.OpenApiGenerator.Tests.Integration.ApiGenerationTest" assertions="4" time="0.039915"/>
        <testcase name="testPsr18ClientSetsContentTypeForPostBody" file="C:\development\Github\php-libs\php-openapi-generator\tests\Integration\ApiGenerationTest.php" line="689" class="MaxBeckers\OpenApiGenerator\Tests\Integration\ApiGenerationTest" classname="MaxBeckers.OpenApiGenerator.Tests.Integration.ApiGenerationTest" assertions="4" time="0.037039"/>
        <testcase name="testPsr18ClientFilesAreValidPhp" file="C:\development\Github\php-libs\php-openapi-generator\tests\Integration\ApiGenerationTest.php" line="700" class="MaxBeckers\OpenApiGenerator\Tests\Integration\ApiGenerationTest" classname="MaxBeckers.OpenApiGenerator.Tests.Integration.ApiGenerationTest" assertions="2" time="0.356328"/>
        <testcase name="testDeprecatedOperationEmitsPhpDocInServerInterface" file="C:\development\Github\php-libs\php-openapi-generator\tests\Integration\ApiGenerationTest.php" line="716" class="MaxBeckers\OpenApiGenerator\Tests\Integration\ApiGenerationTest" classname="MaxBeckers.OpenApiGenerator.Tests.Integration.ApiGenerationTest" assertions="3" time="0.029819"/>
      </testsuite>
      <testsuite name="MaxBeckers\OpenApiGenerator\Tests\Integration\CompositionGenerationTest" file="C:\development\Github\php-libs\php-openapi-generator\tests\Integration\CompositionGenerationTest.php" tests="15" assertions="47" errors="0" failures="0" skipped="0" time="1.611544">
        <testcase name="testAllOfChildExtendsParentClass" file="C:\development\Github\php-libs\php-openapi-generator\tests\Integration\CompositionGenerationTest.php" line="45" class="MaxBeckers\OpenApiGenerator\Tests\Integration\CompositionGenerationTest" classname="MaxBeckers.OpenApiGenerator.Tests.Integration.CompositionGenerationTest" assertions="3" time="0.056585"/>
        <testcase name="testAllOfChildConstructorCallsParent" file="C:\development\Github\php-libs\php-openapi-generator\tests\Integration\CompositionGenerationTest.php" line="55" class="MaxBeckers\OpenApiGenerator\Tests\Integration\CompositionGenerationTest" classname="MaxBeckers.OpenApiGenerator.Tests.Integration.CompositionGenerationTest" assertions="3" time="0.022415"/>
        <testcase name="testAllOfChildOnlyHasOwnPropertyInConstructor" file="C:\development\Github\php-libs\php-openapi-generator\tests\Integration\CompositionGenerationTest.php" line="65" class="MaxBeckers\OpenApiGenerator\Tests\Integration\CompositionGenerationTest" classname="MaxBeckers.OpenApiGenerator.Tests.Integration.CompositionGenerationTest" assertions="5" time="0.020126"/>
        <testcase name="testAllOfParentToArrayIsChained" file="C:\development\Github\php-libs\php-openapi-generator\tests\Integration\CompositionGenerationTest.php" line="79" class="MaxBeckers\OpenApiGenerator\Tests\Integration\CompositionGenerationTest" classname="MaxBeckers.OpenApiGenerator.Tests.Integration.CompositionGenerationTest" assertions="3" time="0.021538"/>
        <testcase name="testAllOfChildFilesAreValidPhp" file="C:\development\Github\php-libs\php-openapi-generator\tests\Integration\CompositionGenerationTest.php" line="89" class="MaxBeckers\OpenApiGenerator\Tests\Integration\CompositionGenerationTest" classname="MaxBeckers.OpenApiGenerator.Tests.Integration.CompositionGenerationTest" assertions="2" time="0.335836"/>
        <testcase name="testDiscriminatorGeneratesInterface" file="C:\development\Github\php-libs\php-openapi-generator\tests\Integration\CompositionGenerationTest.php" line="105" class="MaxBeckers\OpenApiGenerator\Tests\Integration\CompositionGenerationTest" classname="MaxBeckers.OpenApiGenerator.Tests.Integration.CompositionGenerationTest" assertions="4" time="0.035723"/>
        <testcase name="testDiscriminatorImplementorsImplementInterface" file="C:\development\Github\php-libs\php-openapi-generator\tests\Integration\CompositionGenerationTest.php" line="116" class="MaxBeckers\OpenApiGenerator\Tests\Integration\CompositionGenerationTest" classname="MaxBeckers.OpenApiGenerator.Tests.Integration.CompositionGenerationTest" assertions="6" time="0.036339"/>
        <testcase name="testDiscriminatorInterfaceHasFromArrayFactory" file="C:\development\Github\php-libs\php-openapi-generator\tests\Integration\CompositionGenerationTest.php" line="128" class="MaxBeckers\OpenApiGenerator\Tests\Integration\CompositionGenerationTest" classname="MaxBeckers.OpenApiGenerator.Tests.Integration.CompositionGenerationTest" assertions="3" time="0.041622"/>
        <testcase name="testDiscriminatorFilesAreValidPhp" file="C:\development\Github\php-libs\php-openapi-generator\tests\Integration\CompositionGenerationTest.php" line="138" class="MaxBeckers\OpenApiGenerator\Tests\Integration\CompositionGenerationTest" classname="MaxBeckers.OpenApiGenerator.Tests.Integration.CompositionGenerationTest" assertions="3" time="0.581082"/>
        <testcase name="testInlineObjectPropertyIsHoisted" file="C:\development\Github\php-libs\php-openapi-generator\tests\Integration\CompositionGenerationTest.php" line="154" class="MaxBeckers\OpenApiGenerator\Tests\Integration\CompositionGenerationTest" classname="MaxBeckers.OpenApiGenerator.Tests.Integration.CompositionGenerationTest" assertions="1" time="0.023494"/>
        <testcase name="testHoistedClassIsValidPhpAndAnObject" file="C:\development\Github\php-libs\php-openapi-generator\tests\Integration\CompositionGenerationTest.php" line="163" class="MaxBeckers\OpenApiGenerator\Tests\Integration\CompositionGenerationTest" classname="MaxBeckers.OpenApiGenerator.Tests.Integration.CompositionGenerationTest" assertions="4" time="0.189008"/>
        <testcase name="testOrderReferencesHoistedAddress" file="C:\development\Github\php-libs\php-openapi-generator\tests\Integration\CompositionGenerationTest.php" line="175" class="MaxBeckers\OpenApiGenerator\Tests\Integration\CompositionGenerationTest" classname="MaxBeckers.OpenApiGenerator.Tests.Integration.CompositionGenerationTest" assertions="3" time="0.021040"/>
        <testcase name="testCircularRefPropertyDefaultsToNull" file="C:\development\Github\php-libs\php-openapi-generator\tests\Integration\CompositionGenerationTest.php" line="190" class="MaxBeckers\OpenApiGenerator\Tests\Integration\CompositionGenerationTest" classname="MaxBeckers.OpenApiGenerator.Tests.Integration.CompositionGenerationTest" assertions="3" time="0.019965"/>
        <testcase name="testCircularArrayRefDefaultsToEmptyArray" file="C:\development\Github\php-libs\php-openapi-generator\tests\Integration\CompositionGenerationTest.php" line="201" class="MaxBeckers\OpenApiGenerator\Tests\Integration\CompositionGenerationTest" classname="MaxBeckers.OpenApiGenerator.Tests.Integration.CompositionGenerationTest" assertions="3" time="0.021145"/>
        <testcase name="testNodeFileIsValidPhp" file="C:\development\Github\php-libs\php-openapi-generator\tests\Integration\CompositionGenerationTest.php" line="212" class="MaxBeckers\OpenApiGenerator\Tests\Integration\CompositionGenerationTest" classname="MaxBeckers.OpenApiGenerator.Tests.Integration.CompositionGenerationTest" assertions="1" time="0.185626"/>
      </testsuite>
      <testsuite name="MaxBeckers\OpenApiGenerator\Tests\Integration\GeneratorFeaturesTest" file="C:\development\Github\php-libs\php-openapi-generator\tests\Integration\GeneratorFeaturesTest.php" tests="22" assertions="69" errors="0" failures="0" skipped="0" time="2.336890">
        <testcase name="testNestedObjectToArrayCallsToArrayOnProperty" file="C:\development\Github\php-libs\php-openapi-generator\tests\Integration\GeneratorFeaturesTest.php" line="52" class="MaxBeckers\OpenApiGenerator\Tests\Integration\GeneratorFeaturesTest" classname="MaxBeckers.OpenApiGenerator.Tests.Integration.GeneratorFeaturesTest" assertions="3" time="0.027127"/>
        <testcase name="testNullableNestedObjectToArrayWithOmitNulls" file="C:\development\Github\php-libs\php-openapi-generator\tests\Integration\GeneratorFeaturesTest.php" line="75" class="MaxBeckers\OpenApiGenerator\Tests\Integration\GeneratorFeaturesTest" classname="MaxBeckers.OpenApiGenerator.Tests.Integration.GeneratorFeaturesTest" assertions="3" time="0.023140"/>
        <testcase name="testNullableNestedObjectToArrayWithoutOmitNulls" file="C:\development\Github\php-libs\php-openapi-generator\tests\Integration\GeneratorFeaturesTest.php" line="95" class="MaxBeckers\OpenApiGenerator\Tests\Integration\GeneratorFeaturesTest" classname="MaxBeckers.OpenApiGenerator.Tests.Integration.GeneratorFeaturesTest" assertions="2" time="0.049963"/>
        <testcase name="testNestedObjectFromArrayCallsFromArray" file="C:\development\Github\php-libs\php-openapi-generator\tests\Integration\GeneratorFeaturesTest.php" line="112" class="MaxBeckers\OpenApiGenerator\Tests\Integration\GeneratorFeaturesTest" classname="MaxBeckers.OpenApiGenerator.Tests.Integration.GeneratorFeaturesTest" assertions="3" time="0.091195"/>
        <testcase name="testNestedObjectEnumRefUsesToArrayValue" file="C:\development\Github\php-libs\php-openapi-generator\tests\Integration\GeneratorFeaturesTest.php" line="135" class="MaxBeckers\OpenApiGenerator\Tests\Integration\GeneratorFeaturesTest" classname="MaxBeckers.OpenApiGenerator.Tests.Integration.GeneratorFeaturesTest" assertions="2" time="0.030132"/>
        <testcase name="testDeprecatedSchemaEmitsPhpDocAnnotation" file="C:\development\Github\php-libs\php-openapi-generator\tests\Integration\GeneratorFeaturesTest.php" line="155" class="MaxBeckers\OpenApiGenerator\Tests\Integration\GeneratorFeaturesTest" classname="MaxBeckers.OpenApiGenerator.Tests.Integration.GeneratorFeaturesTest" assertions="2" time="0.021421"/>
        <testcase name="testDeprecatedPropertyEmitsPhpDocAnnotation" file="C:\development\Github\php-libs\php-openapi-generator\tests\Integration\GeneratorFeaturesTest.php" line="170" class="MaxBeckers\OpenApiGenerator\Tests\Integration\GeneratorFeaturesTest" classname="MaxBeckers.OpenApiGenerator.Tests.Integration.GeneratorFeaturesTest" assertions="2" time="0.030883"/>
        <testcase name="testNonDeprecatedSchemaHasNoDeprecatedAnnotation" file="C:\development\Github\php-libs\php-openapi-generator\tests\Integration\GeneratorFeaturesTest.php" line="186" class="MaxBeckers\OpenApiGenerator\Tests\Integration\GeneratorFeaturesTest" classname="MaxBeckers.OpenApiGenerator.Tests.Integration.GeneratorFeaturesTest" assertions="2" time="0.021446"/>
        <testcase name="testEnumDefaultNullUsesTryFrom" file="C:\development\Github\php-libs\php-openapi-generator\tests\Integration\GeneratorFeaturesTest.php" line="201" class="MaxBeckers\OpenApiGenerator\Tests\Integration\GeneratorFeaturesTest" classname="MaxBeckers.OpenApiGenerator.Tests.Integration.GeneratorFeaturesTest" assertions="4" time="0.022014"/>
        <testcase name="testEnumThrowUsesFrom" file="C:\development\Github\php-libs\php-openapi-generator\tests\Integration\GeneratorFeaturesTest.php" line="215" class="MaxBeckers\OpenApiGenerator\Tests\Integration\GeneratorFeaturesTest" classname="MaxBeckers.OpenApiGenerator.Tests.Integration.GeneratorFeaturesTest" assertions="4" time="0.023792"/>
        <testcase name="testEnumRawUsesTryFromWithFallback" file="C:\development\Github\php-libs\php-openapi-generator\tests\Integration\GeneratorFeaturesTest.php" line="230" class="MaxBeckers\OpenApiGenerator\Tests\Integration\GeneratorFeaturesTest" classname="MaxBeckers.OpenApiGenerator.Tests.Integration.GeneratorFeaturesTest" assertions="3" time="0.025547"/>
        <testcase name="testIntegerBackedEnum" file="C:\development\Github\php-libs\php-openapi-generator\tests\Integration\GeneratorFeaturesTest.php" line="248" class="MaxBeckers\OpenApiGenerator\Tests\Integration\GeneratorFeaturesTest" classname="MaxBeckers.OpenApiGenerator.Tests.Integration.GeneratorFeaturesTest" assertions="5" time="0.022780"/>
        <testcase name="testStringBackedEnumStillUsesString" file="C:\development\Github\php-libs\php-openapi-generator\tests\Integration\GeneratorFeaturesTest.php" line="262" class="MaxBeckers\OpenApiGenerator\Tests\Integration\GeneratorFeaturesTest" classname="MaxBeckers.OpenApiGenerator.Tests.Integration.GeneratorFeaturesTest" assertions="3" time="0.022667"/>
        <testcase name="testPropertyNamingCamelCaseIsDefault" file="C:\development\Github\php-libs\php-openapi-generator\tests\Integration\GeneratorFeaturesTest.php" line="278" class="MaxBeckers\OpenApiGenerator\Tests\Integration\GeneratorFeaturesTest" classname="MaxBeckers.OpenApiGenerator.Tests.Integration.GeneratorFeaturesTest" assertions="3" time="0.022005"/>
        <testcase name="testPropertyNamingSnakeCase" file="C:\development\Github\php-libs\php-openapi-generator\tests\Integration\GeneratorFeaturesTest.php" line="291" class="MaxBeckers\OpenApiGenerator\Tests\Integration\GeneratorFeaturesTest" classname="MaxBeckers.OpenApiGenerator.Tests.Integration.GeneratorFeaturesTest" assertions="3" time="0.026724"/>
        <testcase name="testPropertyNamingOriginalKeepsWireName" file="C:\development\Github\php-libs\php-openapi-generator\tests\Integration\GeneratorFeaturesTest.php" line="308" class="MaxBeckers\OpenApiGenerator\Tests\Integration\GeneratorFeaturesTest" classname="MaxBeckers.OpenApiGenerator.Tests.Integration.GeneratorFeaturesTest" assertions="3" time="0.023703"/>
        <testcase name="testDateTimeClassIsApplied" file="C:\development\Github\php-libs\php-openapi-generator\tests\Integration\GeneratorFeaturesTest.php" line="326" class="MaxBeckers\OpenApiGenerator\Tests\Integration\GeneratorFeaturesTest" classname="MaxBeckers.OpenApiGenerator.Tests.Integration.GeneratorFeaturesTest" assertions="2" time="0.001956"/>
        <testcase name="testTypeMappingOverridesFormat" file="C:\development\Github\php-libs\php-openapi-generator\tests\Integration\GeneratorFeaturesTest.php" line="377" class="MaxBeckers\OpenApiGenerator\Tests\Integration\GeneratorFeaturesTest" classname="MaxBeckers.OpenApiGenerator.Tests.Integration.GeneratorFeaturesTest" assertions="2" time="0.000812"/>
        <testcase name="testOmitNullsInToArrayWrapsNullableScalar" file="C:\development\Github\php-libs\php-openapi-generator\tests\Integration\GeneratorFeaturesTest.php" line="428" class="MaxBeckers\OpenApiGenerator\Tests\Integration\GeneratorFeaturesTest" classname="MaxBeckers.OpenApiGenerator.Tests.Integration.GeneratorFeaturesTest" assertions="2" time="0.023418"/>
        <testcase name="testOmitNullsInToArrayFalseEmitsNullDirectly" file="C:\development\Github\php-libs\php-openapi-generator\tests\Integration\GeneratorFeaturesTest.php" line="444" class="MaxBeckers\OpenApiGenerator\Tests\Integration\GeneratorFeaturesTest" classname="MaxBeckers.OpenApiGenerator.Tests.Integration.GeneratorFeaturesTest" assertions="3" time="0.066608"/>
        <testcase name="testOmitNullsInToArrayWrapsNullableObject" file="C:\development\Github\php-libs\php-openapi-generator\tests\Integration\GeneratorFeaturesTest.php" line="465" class="MaxBeckers\OpenApiGenerator\Tests\Integration\GeneratorFeaturesTest" classname="MaxBeckers.OpenApiGenerator.Tests.Integration.GeneratorFeaturesTest" assertions="3" time="0.081457"/>
        <testcase name="testAllGeneratedFilesAreValidPhp" file="C:\development\Github\php-libs\php-openapi-generator\tests\Integration\GeneratorFeaturesTest.php" line="489" class="MaxBeckers\OpenApiGenerator\Tests\Integration\GeneratorFeaturesTest" classname="MaxBeckers.OpenApiGenerator.Tests.Integration.GeneratorFeaturesTest" assertions="10" time="1.678098"/>
      </testsuite>
      <testsuite name="MaxBeckers\OpenApiGenerator\Tests\Integration\ModelGenerationTest" file="C:\development\Github\php-libs\php-openapi-generator\tests\Integration\ModelGenerationTest.php" tests="10" assertions="59" errors="0" failures="0" skipped="0" time="0.852837">
        <testcase name="testGeneratesModelsFromPetstore" file="C:\development\Github\php-libs\php-openapi-generator\tests\Integration\ModelGenerationTest.php" line="34" class="MaxBeckers\OpenApiGenerator\Tests\Integration\ModelGenerationTest" classname="MaxBeckers.OpenApiGenerator.Tests.Integration.ModelGenerationTest" assertions="5" time="0.082510"/>
        <testcase name="testGeneratedPetClassHasCorrectStructure" file="C:\development\Github\php-libs\php-openapi-generator\tests\Integration\ModelGenerationTest.php" line="55" class="MaxBeckers\OpenApiGenerator\Tests\Integration\ModelGenerationTest" classname="MaxBeckers.OpenApiGenerator.Tests.Integration.ModelGenerationTest" assertions="6" time="0.017508"/>
        <testcase name="testGeneratedPetStatusIsEnum" file="C:\development\Github\php-libs\php-openapi-generator\tests\Integration\ModelGenerationTest.php" line="72" class="MaxBeckers\OpenApiGenerator\Tests\Integration\ModelGenerationTest" classname="MaxBeckers.OpenApiGenerator.Tests.Integration.ModelGenerationTest" assertions="5" time="0.016108"/>
        <testcase name="testGeneratedFilesAreValidPhp" file="C:\development\Github\php-libs\php-openapi-generator\tests\Integration\ModelGenerationTest.php" line="88" class="MaxBeckers\OpenApiGenerator\Tests\Integration\ModelGenerationTest" classname="MaxBeckers.OpenApiGenerator.Tests.Integration.ModelGenerationTest" assertions="4" time="0.670544"/>
        <testcase name="testClassSuffixApplied" file="C:\development\Github\php-libs\php-openapi-generator\tests\Integration\ModelGenerationTest.php" line="102" class="MaxBeckers\OpenApiGenerator\Tests\Integration\ModelGenerationTest" classname="MaxBeckers.OpenApiGenerator.Tests.Integration.ModelGenerationTest" assertions="2" time="0.013365"/>
        <testcase name="testOperationFilterByTag" file="C:\development\Github\php-libs\php-openapi-generator\tests\Integration\ModelGenerationTest.php" line="115" class="MaxBeckers\OpenApiGenerator\Tests\Integration\ModelGenerationTest" classname="MaxBeckers.OpenApiGenerator.Tests.Integration.ModelGenerationTest" assertions="1" time="0.013252"/>
        <testcase name="testSymfonyValidationAttributesAreGenerated" file="C:\development\Github\php-libs\php-openapi-generator\tests\Integration\ModelGenerationTest.php" line="127" class="MaxBeckers\OpenApiGenerator\Tests\Integration\ModelGenerationTest" classname="MaxBeckers.OpenApiGenerator.Tests.Integration.ModelGenerationTest" assertions="6" time="0.013230"/>
        <testcase name="testNativeValidationMethodsAreGenerated" file="C:\development\Github\php-libs\php-openapi-generator\tests\Integration\ModelGenerationTest.php" line="145" class="MaxBeckers\OpenApiGenerator\Tests\Integration\ModelGenerationTest" classname="MaxBeckers.OpenApiGenerator.Tests.Integration.ModelGenerationTest" assertions="9" time="0.014111"/>
        <testcase name="testSymfonyValidationAttributesCoverAllValidationTypes" file="C:\development\Github\php-libs\php-openapi-generator\tests\Integration\ModelGenerationTest.php" line="166" class="MaxBeckers\OpenApiGenerator\Tests\Integration\ModelGenerationTest" classname="MaxBeckers.OpenApiGenerator.Tests.Integration.ModelGenerationTest" assertions="10" time="0.006196"/>
        <testcase name="testNativeValidationMethodsCoverAllValidationTypes" file="C:\development\Github\php-libs\php-openapi-generator\tests\Integration\ModelGenerationTest.php" line="188" class="MaxBeckers\OpenApiGenerator\Tests\Integration\ModelGenerationTest" classname="MaxBeckers.OpenApiGenerator.Tests.Integration.ModelGenerationTest" assertions="11" time="0.006012"/>
      </testsuite>
      <testsuite name="MaxBeckers\OpenApiGenerator\Tests\Unit\Generator\ImportManagerTest" file="C:\development\Github\php-libs\php-openapi-generator\tests\Unit\Generator\ImportManagerTest.php" tests="14" assertions="18" errors="0" failures="0" skipped="0" time="0.003467">
        <testcase name="testAddReturnsShortName" file="C:\development\Github\php-libs\php-openapi-generator\tests\Unit\Generator\ImportManagerTest.php" line="16" class="MaxBeckers\OpenApiGenerator\Tests\Unit\Generator\ImportManagerTest" classname="MaxBeckers.OpenApiGenerator.Tests.Unit.Generator.ImportManagerTest" assertions="1" time="0.000112"/>
        <testcase name="testAddSameClassTwiceReturnsShortNameBothTimes" file="C:\development\Github\php-libs\php-openapi-generator\tests\Unit\Generator\ImportManagerTest.php" line="23" class="MaxBeckers\OpenApiGenerator\Tests\Unit\Generator\ImportManagerTest" classname="MaxBeckers.OpenApiGenerator.Tests.Unit.Generator.ImportManagerTest" assertions="2" time="0.000080"/>
        <testcase name="testAddGlobalClassReturnsShortNameWithoutImport" file="C:\development\Github\php-libs\php-openapi-generator\tests\Unit\Generator\ImportManagerTest.php" line="31" class="MaxBeckers\OpenApiGenerator\Tests\Unit\Generator\ImportManagerTest" classname="MaxBeckers.OpenApiGenerator.Tests.Unit.Generator.ImportManagerTest" assertions="1" time="0.000066"/>
        <testcase name="testSameNamespaceClassNotImported" file="C:\development\Github\php-libs\php-openapi-generator\tests\Unit\Generator\ImportManagerTest.php" line="42" class="MaxBeckers\OpenApiGenerator\Tests\Unit\Generator\ImportManagerTest" classname="MaxBeckers.OpenApiGenerator.Tests.Unit.Generator.ImportManagerTest" assertions="2" time="0.001129"/>
        <testcase name="testDifferentNamespaceClassIsImported" file="C:\development\Github\php-libs\php-openapi-generator\tests\Unit\Generator\ImportManagerTest.php" line="52" class="MaxBeckers\OpenApiGenerator\Tests\Unit\Generator\ImportManagerTest" classname="MaxBeckers.OpenApiGenerator.Tests.Unit.Generator.ImportManagerTest" assertions="1" time="0.000845"/>
        <testcase name="testCollisionReturnsFqcn" file="C:\development\Github\php-libs\php-openapi-generator\tests\Unit\Generator\ImportManagerTest.php" line="65" class="MaxBeckers\OpenApiGenerator\Tests\Unit\Generator\ImportManagerTest" classname="MaxBeckers.OpenApiGenerator.Tests.Unit.Generator.ImportManagerTest" assertions="2" time="0.000087"/>
        <testcase name="testCollisionDropsBothFromUseStatements" file="C:\development\Github\php-libs\php-openapi-generator\tests\Unit\Generator\ImportManagerTest.php" line="76" class="MaxBeckers\OpenApiGenerator\Tests\Unit\Generator\ImportManagerTest" classname="MaxBeckers.OpenApiGenerator.Tests.Unit.Generator.ImportManagerTest" assertions="1" time="0.000589"/>
        <testcase name="testAddNullableReturnsPrefixedQuestionMark" file="C:\development\Github\php-libs\php-openapi-generator\tests\Unit\Generator\ImportManagerTest.php" line="95" class="MaxBeckers\OpenApiGenerator\Tests\Unit\Generator\ImportManagerTest" classname="MaxBeckers.OpenApiGenerator.Tests.Unit.Generator.ImportManagerTest" assertions="1" time="0.000085"/>
        <testcase name="testAddNullableStillRegistersImport" file="C:\development\Github\php-libs\php-openapi-generator\tests\Unit\Generator\ImportManagerTest.php" line="102" class="MaxBeckers\OpenApiGenerator\Tests\Unit\Generator\ImportManagerTest" classname="MaxBeckers.OpenApiGenerator.Tests.Unit.Generator.ImportManagerTest" assertions="1" time="0.000079"/>
        <testcase name="testAddUnionReturnsBarSeparatedShortNames" file="C:\development\Github\php-libs\php-openapi-generator\tests\Unit\Generator\ImportManagerTest.php" line="115" class="MaxBeckers\OpenApiGenerator\Tests\Unit\Generator\ImportManagerTest" classname="MaxBeckers.OpenApiGenerator.Tests.Unit.Generator.ImportManagerTest" assertions="1" time="0.000074"/>
        <testcase name="testAddUnionRegistersAllImports" file="C:\development\Github\php-libs\php-openapi-generator\tests\Unit\Generator\ImportManagerTest.php" line="124" class="MaxBeckers\OpenApiGenerator\Tests\Unit\Generator\ImportManagerTest" classname="MaxBeckers.OpenApiGenerator.Tests.Unit.Generator.ImportManagerTest" assertions="2" time="0.000087"/>
        <testcase name="testUseStatementsAreSortedAlphabetically" file="C:\development\Github\php-libs\php-openapi-generator\tests\Unit\Generator\ImportManagerTest.php" line="139" class="MaxBeckers\OpenApiGenerator\Tests\Unit\Generator\ImportManagerTest" classname="MaxBeckers.OpenApiGenerator.Tests.Unit.Generator.ImportManagerTest" assertions="1" time="0.000095"/>
        <testcase name="testUseStatementsEmptyWhenNothingAdded" file="C:\development\Github\php-libs\php-openapi-generator\tests\Unit\Generator\ImportManagerTest.php" line="156" class="MaxBeckers\OpenApiGenerator\Tests\Unit\Generator\ImportManagerTest" classname="MaxBeckers.OpenApiGenerator.Tests.Unit.Generator.ImportManagerTest" assertions="1" time="0.000071"/>
        <testcase name="testUseStatementsEmptyForSameNamespaceImports" file="C:\development\Github\php-libs\php-openapi-generator\tests\Unit\Generator\ImportManagerTest.php" line="163" class="MaxBeckers\OpenApiGenerator\Tests\Unit\Generator\ImportManagerTest" classname="MaxBeckers.OpenApiGenerator.Tests.Unit.Generator.ImportManagerTest" assertions="1" time="0.000071"/>
      </testsuite>
      <testsuite name="MaxBeckers\OpenApiGenerator\Tests\Unit\Generator\NamingStrategyTest" file="C:\development\Github\php-libs\php-openapi-generator\tests\Unit\Generator\NamingStrategyTest.php" tests="14" assertions="32" errors="0" failures="0" skipped="0" time="0.001006">
        <testcase name="testPropertyNamingCamelCase" file="C:\development\Github\php-libs\php-openapi-generator\tests\Unit\Generator\NamingStrategyTest.php" line="18" class="MaxBeckers\OpenApiGenerator\Tests\Unit\Generator\NamingStrategyTest" classname="MaxBeckers.OpenApiGenerator.Tests.Unit.Generator.NamingStrategyTest" assertions="4" time="0.000115"/>
        <testcase name="testPropertyNamingSnakeCase" file="C:\development\Github\php-libs\php-openapi-generator\tests\Unit\Generator\NamingStrategyTest.php" line="28" class="MaxBeckers\OpenApiGenerator\Tests\Unit\Generator\NamingStrategyTest" classname="MaxBeckers.OpenApiGenerator.Tests.Unit.Generator.NamingStrategyTest" assertions="3" time="0.000077"/>
        <testcase name="testPropertyNamingSnakeCaseOnAcronym" file="C:\development\Github\php-libs\php-openapi-generator\tests\Unit\Generator\NamingStrategyTest.php" line="38" class="MaxBeckers\OpenApiGenerator\Tests\Unit\Generator\NamingStrategyTest" classname="MaxBeckers.OpenApiGenerator.Tests.Unit.Generator.NamingStrategyTest" assertions="2" time="0.000074"/>
        <testcase name="testPropertyNamingOriginal" file="C:\development\Github\php-libs\php-openapi-generator\tests\Unit\Generator\NamingStrategyTest.php" line="48" class="MaxBeckers\OpenApiGenerator\Tests\Unit\Generator\NamingStrategyTest" classname="MaxBeckers.OpenApiGenerator.Tests.Unit.Generator.NamingStrategyTest" assertions="3" time="0.000069"/>
        <testcase name="testPropertyNamingReservedWordEscaped" file="C:\development\Github\php-libs\php-openapi-generator\tests\Unit\Generator\NamingStrategyTest.php" line="57" class="MaxBeckers\OpenApiGenerator\Tests\Unit\Generator\NamingStrategyTest" classname="MaxBeckers.OpenApiGenerator.Tests.Unit.Generator.NamingStrategyTest" assertions="3" time="0.000077"/>
        <testcase name="testClassNameWithSuffix" file="C:\development\Github\php-libs\php-openapi-generator\tests\Unit\Generator\NamingStrategyTest.php" line="70" class="MaxBeckers\OpenApiGenerator\Tests\Unit\Generator\NamingStrategyTest" classname="MaxBeckers.OpenApiGenerator.Tests.Unit.Generator.NamingStrategyTest" assertions="2" time="0.000070"/>
        <testcase name="testClassNameWithPrefix" file="C:\development\Github\php-libs\php-openapi-generator\tests\Unit\Generator\NamingStrategyTest.php" line="80" class="MaxBeckers\OpenApiGenerator\Tests\Unit\Generator\NamingStrategyTest" classname="MaxBeckers.OpenApiGenerator.Tests.Unit.Generator.NamingStrategyTest" assertions="1" time="0.000054"/>
        <testcase name="testEnumNameUsesSeparateSuffix" file="C:\development\Github\php-libs\php-openapi-generator\tests\Unit\Generator\NamingStrategyTest.php" line="89" class="MaxBeckers\OpenApiGenerator\Tests\Unit\Generator\NamingStrategyTest" classname="MaxBeckers.OpenApiGenerator.Tests.Unit.Generator.NamingStrategyTest" assertions="2" time="0.000065"/>
        <testcase name="testEnumCaseNamePascalCase" file="C:\development\Github\php-libs\php-openapi-generator\tests\Unit\Generator\NamingStrategyTest.php" line="102" class="MaxBeckers\OpenApiGenerator\Tests\Unit\Generator\NamingStrategyTest" classname="MaxBeckers.OpenApiGenerator.Tests.Unit.Generator.NamingStrategyTest" assertions="3" time="0.000069"/>
        <testcase name="testEnumCaseNameNumericIntGetsValuePrefix" file="C:\development\Github\php-libs\php-openapi-generator\tests\Unit\Generator\NamingStrategyTest.php" line="111" class="MaxBeckers\OpenApiGenerator\Tests\Unit\Generator\NamingStrategyTest" classname="MaxBeckers.OpenApiGenerator.Tests.Unit.Generator.NamingStrategyTest" assertions="3" time="0.000072"/>
        <testcase name="testEnumCaseNameReservedWordEscaped" file="C:\development\Github\php-libs\php-openapi-generator\tests\Unit\Generator\NamingStrategyTest.php" line="120" class="MaxBeckers\OpenApiGenerator\Tests\Unit\Generator\NamingStrategyTest" classname="MaxBeckers.OpenApiGenerator.Tests.Unit.Generator.NamingStrategyTest" assertions="1" time="0.000058"/>
        <testcase name="testClassNameReservedWordEscaped" file="C:\development\Github\php-libs\php-openapi-generator\tests\Unit\Generator\NamingStrategyTest.php" line="128" class="MaxBeckers\OpenApiGenerator\Tests\Unit\Generator\NamingStrategyTest" classname="MaxBeckers.OpenApiGenerator.Tests.Unit.Generator.NamingStrategyTest" assertions="1" time="0.000056"/>
        <testcase name="testInterfaceNameUsesSeparateSuffix" file="C:\development\Github\php-libs\php-openapi-generator\tests\Unit\Generator\NamingStrategyTest.php" line="137" class="MaxBeckers\OpenApiGenerator\Tests\Unit\Generator\NamingStrategyTest" classname="MaxBeckers.OpenApiGenerator.Tests.Unit.Generator.NamingStrategyTest" assertions="2" time="0.000085"/>
        <testcase name="testInlineClassNameDerived" file="C:\development\Github\php-libs\php-openapi-generator\tests\Unit\Generator\NamingStrategyTest.php" line="149" class="MaxBeckers\OpenApiGenerator\Tests\Unit\Generator\NamingStrategyTest" classname="MaxBeckers.OpenApiGenerator.Tests.Unit.Generator.NamingStrategyTest" assertions="2" time="0.000066"/>
      </testsuite>
      <testsuite name="MaxBeckers\OpenApiGenerator\Tests\Unit\Generator\OperationFilterTest" file="C:\development\Github\php-libs\php-openapi-generator\tests\Unit\Generator\OperationFilterTest.php" tests="11" assertions="25" errors="0" failures="0" skipped="0" time="0.047779">
        <testcase name="testIncludeTagsKeepsMatchingOperations" file="C:\development\Github\php-libs\php-openapi-generator\tests\Unit\Generator\OperationFilterTest.php" line="26" class="MaxBeckers\OpenApiGenerator\Tests\Unit\Generator\OperationFilterTest" classname="MaxBeckers.OpenApiGenerator.Tests.Unit.Generator.OperationFilterTest" assertions="2" time="0.004951"/>
        <testcase name="testExcludeTagsRemovesMatchingOperations" file="C:\development\Github\php-libs\php-openapi-generator\tests\Unit\Generator\OperationFilterTest.php" line="37" class="MaxBeckers\OpenApiGenerator\Tests\Unit\Generator\OperationFilterTest" classname="MaxBeckers.OpenApiGenerator.Tests.Unit.Generator.OperationFilterTest" assertions="2" time="0.004202"/>
        <testcase name="testEmptyTagFiltersKeepAll" file="C:\development\Github\php-libs\php-openapi-generator\tests\Unit\Generator\OperationFilterTest.php" line="48" class="MaxBeckers\OpenApiGenerator\Tests\Unit\Generator\OperationFilterTest" classname="MaxBeckers.OpenApiGenerator.Tests.Unit.Generator.OperationFilterTest" assertions="2" time="0.004306"/>
        <testcase name="testIncludeOperationIdsKeepsOnlyListed" file="C:\development\Github\php-libs\php-openapi-generator\tests\Unit\Generator\OperationFilterTest.php" line="63" class="MaxBeckers\OpenApiGenerator\Tests\Unit\Generator\OperationFilterTest" classname="MaxBeckers.OpenApiGenerator.Tests.Unit.Generator.OperationFilterTest" assertions="2" time="0.004325"/>
        <testcase name="testExcludeOperationIdsRemovesListed" file="C:\development\Github\php-libs\php-openapi-generator\tests\Unit\Generator\OperationFilterTest.php" line="74" class="MaxBeckers\OpenApiGenerator\Tests\Unit\Generator\OperationFilterTest" classname="MaxBeckers.OpenApiGenerator.Tests.Unit.Generator.OperationFilterTest" assertions="2" time="0.004122"/>
        <testcase name="testSchemasPrunedWhenOnlyReachableFromExcludedOps" file="C:\development\Github\php-libs\php-openapi-generator\tests\Unit\Generator\OperationFilterTest.php" line="89" class="MaxBeckers\OpenApiGenerator\Tests\Unit\Generator\OperationFilterTest" classname="MaxBeckers.OpenApiGenerator.Tests.Unit.Generator.OperationFilterTest" assertions="7" time="0.005110"/>
        <testcase name="testOrphanSchemasAlwaysPruned" file="C:\development\Github\php-libs\php-openapi-generator\tests\Unit\Generator\OperationFilterTest.php" line="108" class="MaxBeckers\OpenApiGenerator\Tests\Unit\Generator\OperationFilterTest" classname="MaxBeckers.OpenApiGenerator.Tests.Unit.Generator.OperationFilterTest" assertions="1" time="0.003870"/>
        <testcase name="testNoFilterStillPrunesOrphans" file="C:\development\Github\php-libs\php-openapi-generator\tests\Unit\Generator\OperationFilterTest.php" line="117" class="MaxBeckers\OpenApiGenerator\Tests\Unit\Generator\OperationFilterTest" classname="MaxBeckers.OpenApiGenerator.Tests.Unit.Generator.OperationFilterTest" assertions="1" time="0.004676"/>
        <testcase name="testNoFilterPreservesAllReferencedSchemas" file="C:\development\Github\php-libs\php-openapi-generator\tests\Unit\Generator\OperationFilterTest.php" line="127" class="MaxBeckers\OpenApiGenerator\Tests\Unit\Generator\OperationFilterTest" classname="MaxBeckers.OpenApiGenerator.Tests.Unit.Generator.OperationFilterTest" assertions="3" time="0.004009"/>
        <testcase name="testTransitiveRefsArePreserved" file="C:\development\Github\php-libs\php-openapi-generator\tests\Unit\Generator\OperationFilterTest.php" line="138" class="MaxBeckers\OpenApiGenerator\Tests\Unit\Generator\OperationFilterTest" classname="MaxBeckers.OpenApiGenerator.Tests.Unit.Generator.OperationFilterTest" assertions="1" time="0.003950"/>
        <testcase name="testIncludePathsKeepsMatchingPaths" file="C:\development\Github\php-libs\php-openapi-generator\tests\Unit\Generator\OperationFilterTest.php" line="151" class="MaxBeckers\OpenApiGenerator\Tests\Unit\Generator\OperationFilterTest" classname="MaxBeckers.OpenApiGenerator.Tests.Unit.Generator.OperationFilterTest" assertions="2" time="0.004259"/>
      </testsuite>
      <testsuite name="MaxBeckers\OpenApiGenerator\Tests\Unit\Generator\SchemaResolverTest" file="C:\development\Github\php-libs\php-openapi-generator\tests\Unit\Generator\SchemaResolverTest.php" tests="16" assertions="16" errors="0" failures="0" skipped="0" time="0.001377">
        <testcase name="testScalarSchemaClassifiedAsAlias" file="C:\development\Github\php-libs\php-openapi-generator\tests\Unit\Generator\SchemaResolverTest.php" line="31" class="MaxBeckers\OpenApiGenerator\Tests\Unit\Generator\SchemaResolverTest" classname="MaxBeckers.OpenApiGenerator.Tests.Unit.Generator.SchemaResolverTest" assertions="1" time="0.000150"/>
        <testcase name="testTopLevelRefClassifiedAsAlias" file="C:\development\Github\php-libs\php-openapi-generator\tests\Unit\Generator\SchemaResolverTest.php" line="41" class="MaxBeckers\OpenApiGenerator\Tests\Unit\Generator\SchemaResolverTest" classname="MaxBeckers.OpenApiGenerator.Tests.Unit.Generator.SchemaResolverTest" assertions="1" time="0.000092"/>
        <testcase name="testObjectSchemaClassifiedAsObject" file="C:\development\Github\php-libs\php-openapi-generator\tests\Unit\Generator\SchemaResolverTest.php" line="54" class="MaxBeckers\OpenApiGenerator\Tests\Unit\Generator\SchemaResolverTest" classname="MaxBeckers.OpenApiGenerator.Tests.Unit.Generator.SchemaResolverTest" assertions="1" time="0.000087"/>
        <testcase name="testEnumSchemaClassifiedAsEnum" file="C:\development\Github\php-libs\php-openapi-generator\tests\Unit\Generator\SchemaResolverTest.php" line="64" class="MaxBeckers\OpenApiGenerator\Tests\Unit\Generator\SchemaResolverTest" classname="MaxBeckers.OpenApiGenerator.Tests.Unit.Generator.SchemaResolverTest" assertions="1" time="0.000071"/>
        <testcase name="testIntegerEnumClassifiedAsEnum" file="C:\development\Github\php-libs\php-openapi-generator\tests\Unit\Generator\SchemaResolverTest.php" line="74" class="MaxBeckers\OpenApiGenerator\Tests\Unit\Generator\SchemaResolverTest" classname="MaxBeckers.OpenApiGenerator.Tests.Unit.Generator.SchemaResolverTest" assertions="1" time="0.000070"/>
        <testcase name="testArraySchemaClassifiedAsAlias" file="C:\development\Github\php-libs\php-openapi-generator\tests\Unit\Generator\SchemaResolverTest.php" line="84" class="MaxBeckers\OpenApiGenerator\Tests\Unit\Generator\SchemaResolverTest" classname="MaxBeckers.OpenApiGenerator.Tests.Unit.Generator.SchemaResolverTest" assertions="1" time="0.000075"/>
        <testcase name="testAllOfClassifiedAsObject" file="C:\development\Github\php-libs\php-openapi-generator\tests\Unit\Generator\SchemaResolverTest.php" line="104" class="MaxBeckers\OpenApiGenerator\Tests\Unit\Generator\SchemaResolverTest" classname="MaxBeckers.OpenApiGenerator.Tests.Unit.Generator.SchemaResolverTest" assertions="1" time="0.000073"/>
        <testcase name="testOneOfWithDiscriminatorClassifiedAsInterface" file="C:\development\Github\php-libs\php-openapi-generator\tests\Unit\Generator\SchemaResolverTest.php" line="122" class="MaxBeckers\OpenApiGenerator\Tests\Unit\Generator\SchemaResolverTest" classname="MaxBeckers.OpenApiGenerator.Tests.Unit.Generator.SchemaResolverTest" assertions="1" time="0.000083"/>
        <testcase name="testInlineObjectPropertyIsHoisted" file="C:\development\Github\php-libs\php-openapi-generator\tests\Unit\Generator\SchemaResolverTest.php" line="141" class="MaxBeckers\OpenApiGenerator\Tests\Unit\Generator\SchemaResolverTest" classname="MaxBeckers.OpenApiGenerator.Tests.Unit.Generator.SchemaResolverTest" assertions="1" time="0.000095"/>
        <testcase name="testHoistedInlineSchemaIsClassifiedAsObject" file="C:\development\Github\php-libs\php-openapi-generator\tests\Unit\Generator\SchemaResolverTest.php" line="161" class="MaxBeckers\OpenApiGenerator\Tests\Unit\Generator\SchemaResolverTest" classname="MaxBeckers.OpenApiGenerator.Tests.Unit.Generator.SchemaResolverTest" assertions="1" time="0.000081"/>
        <testcase name="testNonInlineRefPropertyIsNotHoisted" file="C:\development\Github\php-libs\php-openapi-generator\tests\Unit\Generator\SchemaResolverTest.php" line="180" class="MaxBeckers\OpenApiGenerator\Tests\Unit\Generator\SchemaResolverTest" classname="MaxBeckers.OpenApiGenerator.Tests.Unit.Generator.SchemaResolverTest" assertions="1" time="0.000095"/>
        <testcase name="testCircularDirectRefDetected" file="C:\development\Github\php-libs\php-openapi-generator\tests\Unit\Generator\SchemaResolverTest.php" line="204" class="MaxBeckers\OpenApiGenerator\Tests\Unit\Generator\SchemaResolverTest" classname="MaxBeckers.OpenApiGenerator.Tests.Unit.Generator.SchemaResolverTest" assertions="1" time="0.000094"/>
        <testcase name="testCircularArrayRefDetected" file="C:\development\Github\php-libs\php-openapi-generator\tests\Unit\Generator\SchemaResolverTest.php" line="223" class="MaxBeckers\OpenApiGenerator\Tests\Unit\Generator\SchemaResolverTest" classname="MaxBeckers.OpenApiGenerator.Tests.Unit.Generator.SchemaResolverTest" assertions="1" time="0.000085"/>
        <testcase name="testNonCircularPropertyNotMarked" file="C:\development\Github\php-libs\php-openapi-generator\tests\Unit\Generator\SchemaResolverTest.php" line="246" class="MaxBeckers\OpenApiGenerator\Tests\Unit\Generator\SchemaResolverTest" classname="MaxBeckers.OpenApiGenerator.Tests.Unit.Generator.SchemaResolverTest" assertions="1" time="0.000094"/>
        <testcase name="testGetKindAfterResolve" file="C:\development\Github\php-libs\php-openapi-generator\tests\Unit\Generator\SchemaResolverTest.php" line="261" class="MaxBeckers\OpenApiGenerator\Tests\Unit\Generator\SchemaResolverTest" classname="MaxBeckers.OpenApiGenerator.Tests.Unit.Generator.SchemaResolverTest" assertions="1" time="0.000066"/>
        <testcase name="testGetKindForUnknownReturnsAlias" file="C:\development\Github\php-libs\php-openapi-generator\tests\Unit\Generator\SchemaResolverTest.php" line="270" class="MaxBeckers\OpenApiGenerator\Tests\Unit\Generator\SchemaResolverTest" classname="MaxBeckers.OpenApiGenerator.Tests.Unit.Generator.SchemaResolverTest" assertions="1" time="0.000066"/>
      </testsuite>
      <testsuite name="MaxBeckers\OpenApiGenerator\Tests\Unit\Loader\OpenApiLoaderTest" file="C:\development\Github\php-libs\php-openapi-generator\tests\Unit\Loader\OpenApiLoaderTest.php" tests="17" assertions="59" errors="0" failures="0" skipped="0" time="0.076102">
        <testcase name="testLoadFileProducesOpenApiSpec" file="C:\development\Github\php-libs\php-openapi-generator\tests\Unit\Loader\OpenApiLoaderTest.php" line="22" class="MaxBeckers\OpenApiGenerator\Tests\Unit\Loader\OpenApiLoaderTest" classname="MaxBeckers.OpenApiGenerator.Tests.Unit.Loader.OpenApiLoaderTest" assertions="2" time="0.005263"/>
        <testcase name="testInfoIsHydrated" file="C:\development\Github\php-libs\php-openapi-generator\tests\Unit\Loader\OpenApiLoaderTest.php" line="30" class="MaxBeckers\OpenApiGenerator\Tests\Unit\Loader\OpenApiLoaderTest" classname="MaxBeckers.OpenApiGenerator.Tests.Unit.Loader.OpenApiLoaderTest" assertions="3" time="0.004048"/>
        <testcase name="testServersAreHydrated" file="C:\development\Github\php-libs\php-openapi-generator\tests\Unit\Loader\OpenApiLoaderTest.php" line="39" class="MaxBeckers\OpenApiGenerator\Tests\Unit\Loader\OpenApiLoaderTest" classname="MaxBeckers.OpenApiGenerator.Tests.Unit.Loader.OpenApiLoaderTest" assertions="3" time="0.004534"/>
        <testcase name="testTagsAreHydrated" file="C:\development\Github\php-libs\php-openapi-generator\tests\Unit\Loader\OpenApiLoaderTest.php" line="48" class="MaxBeckers\OpenApiGenerator\Tests\Unit\Loader\OpenApiLoaderTest" classname="MaxBeckers.OpenApiGenerator.Tests.Unit.Loader.OpenApiLoaderTest" assertions="2" time="0.006269"/>
        <testcase name="testComponentsSchemasAreHydrated" file="C:\development\Github\php-libs\php-openapi-generator\tests\Unit\Loader\OpenApiLoaderTest.php" line="56" class="MaxBeckers\OpenApiGenerator\Tests\Unit\Loader\OpenApiLoaderTest" classname="MaxBeckers.OpenApiGenerator.Tests.Unit.Loader.OpenApiLoaderTest" assertions="5" time="0.005101"/>
        <testcase name="testPetSchemaProperties" file="C:\development\Github\php-libs\php-openapi-generator\tests\Unit\Loader\OpenApiLoaderTest.php" line="67" class="MaxBeckers\OpenApiGenerator\Tests\Unit\Loader\OpenApiLoaderTest" classname="MaxBeckers.OpenApiGenerator.Tests.Unit.Loader.OpenApiLoaderTest" assertions="6" time="0.005044"/>
        <testcase name="testPetSchemaPropertyTypes" file="C:\development\Github\php-libs\php-openapi-generator\tests\Unit\Loader\OpenApiLoaderTest.php" line="80" class="MaxBeckers\OpenApiGenerator\Tests\Unit\Loader\OpenApiLoaderTest" classname="MaxBeckers.OpenApiGenerator.Tests.Unit.Loader.OpenApiLoaderTest" assertions="7" time="0.005390"/>
        <testcase name="testPetStatusIsEnum" file="C:\development\Github\php-libs\php-openapi-generator\tests\Unit\Loader\OpenApiLoaderTest.php" line="96" class="MaxBeckers\OpenApiGenerator\Tests\Unit\Loader\OpenApiLoaderTest" classname="MaxBeckers.OpenApiGenerator.Tests.Unit.Loader.OpenApiLoaderTest" assertions="2" time="0.004347"/>
        <testcase name="testPetsIsArraySchema" file="C:\development\Github\php-libs\php-openapi-generator\tests\Unit\Loader\OpenApiLoaderTest.php" line="105" class="MaxBeckers\OpenApiGenerator\Tests\Unit\Loader\OpenApiLoaderTest" classname="MaxBeckers.OpenApiGenerator.Tests.Unit.Loader.OpenApiLoaderTest" assertions="3" time="0.004816"/>
        <testcase name="testPathsAreHydrated" file="C:\development\Github\php-libs\php-openapi-generator\tests\Unit\Loader\OpenApiLoaderTest.php" line="116" class="MaxBeckers\OpenApiGenerator\Tests\Unit\Loader\OpenApiLoaderTest" classname="MaxBeckers.OpenApiGenerator.Tests.Unit.Loader.OpenApiLoaderTest" assertions="2" time="0.004473"/>
        <testcase name="testGetOperationOnPetsPath" file="C:\development\Github\php-libs\php-openapi-generator\tests\Unit\Loader\OpenApiLoaderTest.php" line="124" class="MaxBeckers\OpenApiGenerator\Tests\Unit\Loader\OpenApiLoaderTest" classname="MaxBeckers.OpenApiGenerator.Tests.Unit.Loader.OpenApiLoaderTest" assertions="3" time="0.004424"/>
        <testcase name="testPostOperationHasRequestBody" file="C:\development\Github\php-libs\php-openapi-generator\tests\Unit\Loader\OpenApiLoaderTest.php" line="134" class="MaxBeckers\OpenApiGenerator\Tests\Unit\Loader\OpenApiLoaderTest" classname="MaxBeckers.OpenApiGenerator.Tests.Unit.Loader.OpenApiLoaderTest" assertions="5" time="0.004294"/>
        <testcase name="testPathLevelParameterMergedIntoOperation" file="C:\development\Github\php-libs\php-openapi-generator\tests\Unit\Loader\OpenApiLoaderTest.php" line="146" class="MaxBeckers\OpenApiGenerator\Tests\Unit\Loader\OpenApiLoaderTest" classname="MaxBeckers.OpenApiGenerator.Tests.Unit.Loader.OpenApiLoaderTest" assertions="2" time="0.004497"/>
        <testcase name="testDeleteOperationExists" file="C:\development\Github\php-libs\php-openapi-generator\tests\Unit\Loader\OpenApiLoaderTest.php" line="157" class="MaxBeckers\OpenApiGenerator\Tests\Unit\Loader\OpenApiLoaderTest" classname="MaxBeckers.OpenApiGenerator.Tests.Unit.Loader.OpenApiLoaderTest" assertions="3" time="0.003977"/>
        <testcase name="testQueryParameterOnListPets" file="C:\development\Github\php-libs\php-openapi-generator\tests\Unit\Loader\OpenApiLoaderTest.php" line="168" class="MaxBeckers\OpenApiGenerator\Tests\Unit\Loader\OpenApiLoaderTest" classname="MaxBeckers.OpenApiGenerator.Tests.Unit.Loader.OpenApiLoaderTest" assertions="7" time="0.003928"/>
        <testcase name="testResponseSchemaIsHydrated" file="C:\development\Github\php-libs\php-openapi-generator\tests\Unit\Loader\OpenApiLoaderTest.php" line="182" class="MaxBeckers\OpenApiGenerator\Tests\Unit\Loader\OpenApiLoaderTest" classname="MaxBeckers.OpenApiGenerator.Tests.Unit.Loader.OpenApiLoaderTest" assertions="3" time="0.003962"/>
        <testcase name="testNonExistentFileThrows" file="C:\development\Github\php-libs\php-openapi-generator\tests\Unit\Loader\OpenApiLoaderTest.php" line="201" class="MaxBeckers\OpenApiGenerator\Tests\Unit\Loader\OpenApiLoaderTest" classname="MaxBeckers.OpenApiGenerator.Tests.Unit.Loader.OpenApiLoaderTest" assertions="1" time="0.001737"/>
      </testsuite>
    </testsuite>
  </testsuite>
</testsuites>
